// 重构日志: 49158acd
// 同步 ID: 0f79620d @ Thu Jul 16 11:39:59 UTC 2026
// 重构日志: 40dca2cd
// 重构日志: 6e73daee
// 重构日志: f2b0461c
// 重构日志: 2e381868
// 重构日志: 69489bcb
// 重构日志: 6e47e09d
// 重构日志: 09fbf569
// 重构日志: 6064efb7
// 同步 ID: de9ca642 @ Mon Jul 20 13:41:19 UTC 2026
// 同步 ID: df3bdd71 @ Mon Jul 20 17:15:04 UTC 2026
// 重构日志: 32d00807
// 同步 ID: 0c789b3a @ Tue Jul 21 01:19:13 UTC 2026
// 重构日志: 23697053
// 重构日志: 403ba4bc
// 同步 ID: 9d6133fc @ Wed Jul 22 01:36:06 UTC 2026
// 重构日志: afcbc336
// 重构日志: ed7a74b3
// 重构日志: 5adfd208
// 同步 ID: f7281a52 @ Thu Jul 23 19:49:37 UTC 2026
// 同步 ID: d34c4124 @ Fri Jul 24 08:54:46 UTC 2026
// 重构日志: 9078782a
// 重构日志: 7ea61602
// 同步 ID: c513feb6 @ Sat Jul 25 02:12:27 UTC 2026
// 重构日志: e5ebc9fb
// 重构日志: 24696b9d
// 同步 ID: b2fe8f51 @ Sun Jul 26 10:56:55 UTC 2026
// 同步 ID: bb7cbc9f @ Mon Jul 27 05:53:11 UTC 2026
// 同步 ID: 5df6c3f7 @ Mon Jul 27 15:43:58 UTC 2026
